yarn run v1.22.22
$ /Users/marcomelega/Projects/MelegaSwapV2-post-recovery-truth/node_modules/.bin/next build
info  - Loaded env from /Users/marcomelega/Projects/MelegaSwapV2-post-recovery-truth/apps/web/.env.production
info  - Loaded env from /Users/marcomelega/Projects/MelegaSwapV2-post-recovery-truth/apps/web/.env
warn  - You have enabled experimental features (scrollRestoration, transpilePackages) in next.config.mjs.
warn  - Experimental features are not covered by semver, and may cause unexpected or broken application behavior. Use at your own risk.

(node:3892) ExperimentalWarning: localStorage is not available because --localstorage-file was not provided.
(Use `node --trace-warnings ...` to show where the warning was created)
Browserslist: caniuse-lite is outdated. Please run:
  npx browserslist@latest --update-db
  Why you should do it regularly: https://github.com/browserslist/browserslist#browsers-data-updating
info  - Skipping validation of types
info  - Linting...
error - ESLint: Failed to load config "next/babel" to extend from. Referenced from: /Users/marcomelega/Projects/MelegaSwapV2-post-recovery-truth/apps/web/.eslintrc
info  - Creating an optimized production build...
warn  - You are using an experimental edge runtime, the API might change.
Browserslist: caniuse-lite is outdated. Please run:
  npx browserslist@latest --update-db
  Why you should do it regularly: https://github.com/browserslist/browserslist#browsers-data-updating
(node:3892) [DEP_WEBPACK_MODULE_UPDATE_HASH] DeprecationWarning: Module.updateHash: Use new ChunkGraph API
warn  - Compiled with warnings

./src/lib/melega-smart-router/civilization-router/buildCivilizationRouterContract.ts
Attempted import error: 'MELEGA_SMART_ROUTER_ADAPTER_VERSION' is not exported from '../types' (imported as 'MELEGA_SMART_ROUTER_ADAPTER_VERSION').

Import trace for requested module:
./src/lib/melega-smart-router/civilization-router/buildCivilizationRouterContract.ts
./src/lib/melega-smart-router/civilization-router/index.ts
./src/lib/melega-smart-router/index.ts
./src/components/DexPricing/DexPricingFeesSurface.tsx
./src/views/PricingFees/PricingFeesScreen.tsx

./src/views/LiquidityStudio/liquidityRuntime/useLiquidityMintRuntime.tsx
Attempted import error: 'calculateGasMargin' is not exported from 'utils/exchange' (imported as 'calculateGasMargin').

Import trace for requested module:
./src/views/LiquidityStudio/liquidityRuntime/useLiquidityMintRuntime.tsx
./src/views/LiquidityStudio/liquidityRuntime/LiquidityRuntimeContext.tsx

./src/views/LiquidityStudio/liquidityRuntime/useLiquidityMintRuntime.tsx
Attempted import error: 'calculateGasMargin' is not exported from 'utils/exchange' (imported as 'calculateGasMargin').

Import trace for requested module:
./src/views/LiquidityStudio/liquidityRuntime/useLiquidityMintRuntime.tsx
./src/views/LiquidityStudio/liquidityRuntime/LiquidityRuntimeContext.tsx

./src/views/LiquidityStudio/liquidityRuntime/useLiquidityMintRuntime.tsx
Attempted import error: 'calculateGasMargin' is not exported from 'utils/exchange' (imported as 'calculateGasMargin').

Import trace for requested module:
./src/views/LiquidityStudio/liquidityRuntime/useLiquidityMintRuntime.tsx
./src/views/LiquidityStudio/liquidityRuntime/LiquidityRuntimeContext.tsx

./src/lib/melega-smart-router/civilization-router/buildCivilizationRouterContract.ts
Attempted import error: 'MELEGA_SMART_ROUTER_ADAPTER_VERSION' is not exported from '../types' (imported as 'MELEGA_SMART_ROUTER_ADAPTER_VERSION').

Import trace for requested module:
./src/lib/melega-smart-router/civilization-router/buildCivilizationRouterContract.ts
./src/lib/melega-smart-router/civilization-router/index.ts
./src/lib/melega-smart-router/index.ts
./src/components/DexPricing/DexPricingFeesSurface.tsx
./src/views/PricingFees/PricingFeesScreen.tsx

./src/views/LiquidityStudio/liquidityRuntime/useLiquidityMintRuntime.tsx
Attempted import error: 'calculateGasMargin' is not exported from 'utils/exchange' (imported as 'calculateGasMargin').

Import trace for requested module:
./src/views/LiquidityStudio/liquidityRuntime/useLiquidityMintRuntime.tsx
./src/views/LiquidityStudio/liquidityRuntime/LiquidityRuntimeContext.tsx

./src/views/LiquidityStudio/liquidityRuntime/useLiquidityMintRuntime.tsx
Attempted import error: 'calculateGasMargin' is not exported from 'utils/exchange' (imported as 'calculateGasMargin').

Import trace for requested module:
./src/views/LiquidityStudio/liquidityRuntime/useLiquidityMintRuntime.tsx
./src/views/LiquidityStudio/liquidityRuntime/LiquidityRuntimeContext.tsx

./src/views/LiquidityStudio/liquidityRuntime/useLiquidityMintRuntime.tsx
Attempted import error: 'calculateGasMargin' is not exported from 'utils/exchange' (imported as 'calculateGasMargin').

Import trace for requested module:
./src/views/LiquidityStudio/liquidityRuntime/useLiquidityMintRuntime.tsx
./src/views/LiquidityStudio/liquidityRuntime/LiquidityRuntimeContext.tsx

info  - Collecting page data...
(node:4557) ExperimentalWarning: localStorage is not available because --localstorage-file was not provided.
(Use `node --trace-warnings ...` to show where the warning was created)
(node:4558) ExperimentalWarning: localStorage is not available because --localstorage-file was not provided.
(Use `node --trace-warnings ...` to show where the warning was created)
(node:4560) ExperimentalWarning: localStorage is not available because --localstorage-file was not provided.
(Use `node --trace-warnings ...` to show where the warning was created)
(node:4559) ExperimentalWarning: localStorage is not available because --localstorage-file was not provided.
(Use `node --trace-warnings ...` to show where the warning was created)
(node:4564) ExperimentalWarning: localStorage is not available because --localstorage-file was not provided.
(Use `node --trace-warnings ...` to show where the warning was created)
(node:4563) ExperimentalWarning: localStorage is not available because --localstorage-file was not provided.
(Use `node --trace-warnings ...` to show where the warning was created)
(node:4562) ExperimentalWarning: localStorage is not available because --localstorage-file was not provided.
(Use `node --trace-warnings ...` to show where the warning was created)
(node:4561) ExperimentalWarning: localStorage is not available because --localstorage-file was not provided.
(Use `node --trace-warnings ...` to show where the warning was created)
(node:4565) ExperimentalWarning: localStorage is not available because --localstorage-file was not provided.
(Use `node --trace-warnings ...` to show where the warning was created)
info  - Generating static pages (0/123)
info  - Generating static pages (30/123)
info  - Generating static pages (61/123)
info  - Generating static pages (92/123)
Warning: data for page "/project-hq/[slug]" (path "/project-hq/marco/") is 147 kB which exceeds the threshold of 128 kB, this amount of data can reduce performance.
See more info here: https://nextjs.org/docs/messages/large-page-data
Warning: data for page "/project-hq/[slug]" (path "/project-hq/melega/") is 201 kB which exceeds the threshold of 128 kB, this amount of data can reduce performance.
See more info here: https://nextjs.org/docs/messages/large-page-data
Warning: data for page "/project-hq/[slug]" (path "/project-hq/melega-dex/") is 201 kB which exceeds the threshold of 128 kB, this amount of data can reduce performance.
See more info here: https://nextjs.org/docs/messages/large-page-data
info  - Generating static pages (123/123)
info  - Finalizing page optimization...

Route (pages)                                              Size     First Load JS
┌ ○ / (321 ms)                                             77.7 kB         982 kB
├   /_app                                                  0 B            89.7 kB
├ λ /_app-full                                             43.3 kB         833 kB
├ λ /_app-types                                            195 B          89.9 kB
├ ○ /_mp/farms (353 ms)                                    4.02 kB         131 kB
├ ○ /_mp/farms/history                                     4.03 kB         131 kB
├ ○ /_mp/pools (346 ms)                                    1.81 kB         749 kB
├ ○ /_mp/pools/history                                     4.03 kB         131 kB
├ ○ /404                                                   844 B           110 kB
├ ○ /451 (326 ms)                                          802 B           122 kB
├ ● /add/[[...currency]]                                   19.5 kB         798 kB
├   └ /add
├ ℇ /api/_log/[...params]                                  0 B            89.7 kB
├ λ /api/create-token/__tests__/readiness.test             0 B            89.7 kB
├ λ /api/create-token/readiness                            0 B            89.7 kB
├ λ /api/deployment/__tests__/founder.test                 0 B            89.7 kB
├ λ /api/deployment/__tests__/status.test                  0 B            89.7 kB
├ λ /api/deployment/founder                                0 B            89.7 kB
├ λ /api/deployment/status                                 0 B            89.7 kB
├ λ /api/farms/unique-farmers                              0 B            89.7 kB
├ λ /api/featured/eligibility                              0 B            89.7 kB
├ λ /api/featured/orders                                   0 B            89.7 kB
├ λ /api/featured/orders/[orderId]                         0 B            89.7 kB
├ λ /api/featured/rotation-candidates                      0 B            89.7 kB
├ λ /api/holder-count                                      0 B            89.7 kB
├ λ /api/indexer/candles                                   0 B            89.7 kB
├ λ /api/indexer/coverage                                  0 B            89.7 kB
├ λ /api/indexer/events                                    0 B            89.7 kB
├ λ /api/indexer/featured-markets                          0 B            89.7 kB
├ λ /api/indexer/health                                    0 B            89.7 kB
├ λ /api/indexer/inventory                                 0 B            89.7 kB
├ λ /api/indexer/liquidity-building/run                    0 B            89.7 kB
├ λ /api/indexer/pairs                                     0 B            89.7 kB
├ λ /api/indexer/registry/refresh                          0 B            89.7 kB
├ λ /api/indexer/reset-checkpoint                          0 B            89.7 kB
├ λ /api/indexer/run                                       0 B            89.7 kB
├ λ /api/indexer/smoke                                     0 B            89.7 kB
├ λ /api/indexer/store-consistency                         0 B            89.7 kB
├ λ /api/indexer/tier-metrics                              0 B            89.7 kB
├ λ /api/liquidity-building/activation-status              0 B            89.7 kB
├ λ /api/liquidity-building/health                         0 B            89.7 kB
├ λ /api/liquidity-building/readiness                      0 B            89.7 kB
├ λ /api/liquidity-program/[address]                       0 B            89.7 kB
├ λ /api/liquidity-programs/[wallet]                       0 B            89.7 kB
├ λ /api/market-data/snapshot                              0 B            89.7 kB
├ λ /api/masterchef/emission                               0 B            89.7 kB
├ λ /api/pools/classification                              0 B            89.7 kB
├ λ /api/private/projects/[slug]/control-center            0 B            89.7 kB
├ λ /api/private/projects/[slug]/control-center/audit      0 B            89.7 kB
├ λ /api/private/projects/[slug]/control-center/developer  0 B            89.7 kB
├ λ /api/private/projects/[slug]/control-center/ecosystem  0 B            89.7 kB
├ λ /api/private/projects/[slug]/control-center/profile    0 B            89.7 kB
├ λ /api/private/projects/[slug]/control-center/resources  0 B            89.7 kB
├ λ /api/private/projects/[slug]/control-center/session    0 B            89.7 kB
├ λ /api/private/projects/[slug]/control-center/updates    0 B            89.7 kB
├ λ /api/projects/[slug]/participation                     0 B            89.7 kB
├ λ /api/projects/[slug]/wallet-relationship               0 B            89.7 kB
├ λ /api/protocol/activity                                 0 B            89.7 kB
├ λ /api/public/projects/[slug]                            0 B            89.7 kB
├ λ /api/public/projects/[slug]/control-center             0 B            89.7 kB
├ λ /api/public/projects/[slug]/developer                  0 B            89.7 kB
├ λ /api/public/projects/[slug]/ecosystem                  0 B            89.7 kB
├ λ /api/public/projects/[slug]/evidence                   0 B            89.7 kB
├ λ /api/public/projects/[slug]/governance                 0 B            89.7 kB
├ λ /api/public/projects/[slug]/growth                     0 B            89.7 kB
├ λ /api/public/projects/[slug]/liquidity-building         0 B            89.7 kB
├ λ /api/public/projects/[slug]/machine                    0 B            89.7 kB
├ λ /api/public/projects/[slug]/markets                    0 B            89.7 kB
├ λ /api/public/projects/[slug]/participation              0 B            89.7 kB
├ λ /api/public/projects/[slug]/readiness                  0 B            89.7 kB
├ λ /api/public/projects/[slug]/updates                    0 B            89.7 kB
├ λ /api/registry/projects/onboard                         0 B            89.7 kB
├ λ /api/registry/projects/pending/[pendingId]             0 B            89.7 kB
├ λ /api/risk/[chainId]/[address]                          0 B            89.7 kB
├ λ /api/runtime/chart                                     0 B            89.7 kB
├ λ /api/runtime/readiness                                 0 B            89.7 kB
├ λ /api/runtime/swaps                                     0 B            89.7 kB
├ λ /api/treasury/settlement-events                        0 B            89.7 kB
├ ○ /assets                                                6.55 kB         533 kB
├ ● /assets/[slug] (341 ms)                                8.93 kB         504 kB
├   ├ /assets/marco
├   ├ /assets/marco-ethereum
├   ├ /assets/marco-polygon
├   └ /assets/marco-base
├ ○ /audit (322 ms)                                        4.78 kB         487 kB
├ ○ /build-studio                                          24.9 kB         727 kB
├ ○ /collectibles                                          20.5 kB         683 kB
├ ● /collectibles/[slug]                                   7.48 kB         492 kB
├   ├ /collectibles/babymarco-genesis
├   ├ /collectibles/masterm-identity
├   └ /collectibles/achievement-collectibles
├ ○ /command-center                                        59.7 kB         901 kB
├ ○ /docs                                                  5.87 kB         490 kB
├ ○ /docs/liquidity-builder                                4.28 kB         489 kB
├ ○ /docs/liquidity-builder/examples                       3.95 kB         489 kB
├ ○ /docs/liquidity-builder/execution                      4.17 kB         489 kB
├ ○ /docs/liquidity-builder/fees (315 ms)                  3.95 kB         489 kB
├ ○ /docs/liquidity-builder/how-it-works                   4.33 kB         489 kB
├ ○ /docs/liquidity-builder/liquidity-goals                4 kB            489 kB
├ ○ /docs/liquidity-builder/overview                       4.35 kB         489 kB
├ ○ /docs/liquidity-builder/risk-safety                    4.13 kB         489 kB
├ ○ /docs/liquidity-builder/strategies                     3.94 kB         489 kB
├ ○ /docs/liquidity-builder/token-reserve                  4.11 kB         489 kB
├ ○ /dry-run                                               8.31 kB         363 kB
├ ○ /events                                                951 B           496 kB
├ ● /events/[slug]                                         7.23 kB         492 kB
├   ├ /events/marco-asset-registered
├   ├ /events/marco-bnb-lp-venue-observed
├   ├ /events/marco-bnb-farm-venue-observed
├   └ [+2 more paths]
├ ○ /execution                                             8.62 kB         375 kB
├ ○ /farms                                                 61.4 kB         794 kB
├ ○ /farms/history                                         16.8 kB         714 kB
├ ○ /find                                                  15.2 kB         699 kB
├ ○ /graph                                                 3.34 kB         501 kB
├ ○ /identity                                              2.31 kB         388 kB
├ ● /identity/[address]                                    2.36 kB         388 kB
├   └ /identity/placeholder
├ ○ /ilo                                                   4.85 kB         201 kB
├ ○ /import-existing-token                                 10.3 kB         537 kB
├ ○ /info                                                  4 kB            131 kB
├ ○ /info/[chainName]                                      4.03 kB         131 kB
├ ○ /info/[chainName]/pairs                                4.03 kB         131 kB
├ ○ /info/[chainName]/pairs/[address]                      4.03 kB         131 kB
├ ○ /info/[chainName]/tokens                               4.03 kB         131 kB
├ ○ /info/[chainName]/tokens/[address]                     4.04 kB         131 kB
├ ○ /info/pairs                                            4.02 kB         131 kB
├ ○ /info/pairs/[address]                                  4.03 kB         131 kB
├ ○ /info/tokens                                           4.02 kB         131 kB
├ ○ /info/tokens/[address]                                 4.03 kB         131 kB
├ ○ /launch                                                1.17 kB         304 kB
├ ○ /liquidity                                             314 B           798 kB
├ ○ /liquidity-studio (313 ms)                             372 B           798 kB
├ ○ /list                                                  420 B          90.2 kB
├ ○ /map                                                   11 kB           371 kB
├ ○ /new-project                                           7.43 kB         366 kB
├ ○ /nft                                                   12.7 kB         575 kB
├ ○ /nft/buy/BuyModal                                      9.38 kB         429 kB
├ ○ /nft/buy/BuyNFT                                        6.41 kB         540 kB
├ ○ /nft/MintModal                                         11.1 kB         441 kB
├ ○ /nft/sell/SellModal                                    10.5 kB         430 kB
├ ○ /nft/sell/SellNFT                                      7.62 kB         541 kB
├ ○ /nft/Timer                                             4.56 kB         134 kB
├ ○ /nftmarket                                             11.1 kB         504 kB
├ ○ /orchestrator                                          5.28 kB         396 kB
├ ○ /passport                                              457 B          90.2 kB
├ ○ /pipeline                                              11.3 kB         375 kB
├ ○ /pools                                                 52.4 kB         806 kB
├ ○ /pools/history                                         370 B           748 kB
├ ○ /portfolio                                             1.96 kB         382 kB
├ ○ /presence                                              9.44 kB         355 kB
├ ● /presence/[slug]                                       7.11 kB         492 kB
├   ├ /presence/marco-bnb-canonical
├   ├ /presence/marco-ethereum-presence
├   ├ /presence/marco-polygon-presence
├   └ [+2 more paths]
├ ○ /pricing-fees                                          3.3 kB          680 kB
├ ● /project-hq/[slug] (546 ms)                            32.6 kB         849 kB
├   ├ /project-hq/marco
├   ├ /project-hq/melega-dex
├   ├ /project-hq/melega
├   └ [+4 more paths]
├ ● /project-hq/[slug]/manage                              4.96 kB         354 kB
├   ├ /project-hq/marco/manage
├   ├ /project-hq/melega-dex/manage
├   ├ /project-hq/melega/manage
├   └ [+4 more paths]
├ ○ /projects                                              19.1 kB         718 kB
├ ○ /query                                                 4.27 kB         502 kB
├ ○ /radar                                                 22.2 kB         736 kB
├ ● /remove/[[...currency]]                                14 kB           754 kB
├ ○ /review                                                3.91 kB         368 kB
├ ○ /runtime/deployment                                    12.8 kB         632 kB
├ ○ /runtime/deployment/status                             2.52 kB         541 kB
├ ○ /runtime/labs                                          8.38 kB         377 kB
├ ○ /status                                                2.31 kB         665 kB
├ ○ /submit                                                1.72 kB         365 kB
├ ○ /support                                               2.81 kB         487 kB
├ ○ /swap                                                  444 B           916 kB
├ ○ /testnet/liquidity                                     10 kB           164 kB
├ ○ /testnet/wrapper-deploy                                5.13 kB         149 kB
├ ○ /testnet/wrapper-validate                              16.4 kB         171 kB
├ ○ /trade                                                 444 B           916 kB
├ ○ /trending                                              23.1 kB         726 kB
├ ○ /venues                                                8.02 kB         495 kB
├ ● /venues/[slug]                                         6.41 kB         501 kB
├   ├ /venues/marco-bnb-lp
├   ├ /venues/marco-bnb-farm
├   ├ /venues/marco-stake-sous-0
├   └ /venues/melega-ilo-bsc
├ ○ /viewNFTs                                              5.4 kB          582 kB
└ ○ /workspace                                             1.95 kB         382 kB
+ First Load JS shared by all                              89.7 kB
  ├ chunks/framework-d3fad5fdc0ffd4a1.js                   45.4 kB
  ├ chunks/main-3dc53dd9bce36319.js                        37.4 kB
  ├ chunks/pages/_app-f782598701d06da8.js                  2.55 kB
  └ chunks/webpack-fb258390ad1a5c16.js                     4.34 kB

ƒ Middleware                                               26.7 kB

ℇ  (Streaming)  server-side renders with streaming (uses React 18 SSR streaming or Server Components)
λ  (Server)     server-side renders at runtime (uses getInitialProps or getServerSideProps)
○  (Static)     automatically rendered as static HTML (uses no initial props)
●  (SSG)        automatically generated as static HTML + JSON (uses getStaticProps)

Done in 23.11s.
