ERROR Minified React error #421; visit https://reactjs.org/docs/error-decoder.html?invariant=421 for the full message or use the non-minified dev environment for full errors and additional helpful warnings.
LAYOUT {"viewport":1440,"document":1440,"cards":[{"left":64,"right":383},{"left":395,"right":714},{"left":726,"right":1045},{"left":1057,"right":1376}]}
LAYOUT {"viewport":1280,"document":1280,"cards":[{"left":64,"right":343},{"left":355,"right":634},{"left":646,"right":925},{"left":937,"right":1216}]}
LAYOUT {"viewport":1024,"document":1024,"cards":[{"left":56,"right":352},{"left":364,"right":660},{"left":672,"right":968},{"left":56,"right":352}]}
LAYOUT {"viewport":390,"document":390,"cards":[{"left":16,"right":374},{"left":16,"right":374},{"left":16,"right":374},{"left":16,"right":374}]}
TOP MOVERS
FIRO
↑ 23.4%
PEPE
↑ 9.3%
MM72
↑ 6.8%
0x4b0f…8003
↑ 5.7%
BONK
↑ 5.0%
0xad29…dcfe
↑ 4.3%
XPHX
↑ 4.1%
FLOKI
↑ 3.2%
TST
↓ 3.2%
0x16fa…67a3
↓ 3.1%
MARCO
↑ 3.0%
XPL
↓ 3.0%
BTCF
↑ 2.8%
SHIB
↑ 2.8%
FIRO
↑ 23.4%
PEPE
↑ 9.3%
MM72
↑ 6.8%
0x4b0f…8003
↑ 5.7%
BONK
↑ 5.0%
0xad29…dcfe
↑ 4.3%
XPHX
↑ 4.1%
FLOKI
↑ 3.2%
TST
↓ 3.2%
0x16fa…67a3
↓ 3.1%
MARCO
↑ 3.0%
XPL
↓ 3.0%
BTCF
↑ 2.8%
SHIB
↑ 2.8%
BOOST YOUR PROJECT
Farms

Stake LP tokens.
Earn farming rewards.
Grow liquidity.

Create Farm
Explore Farms
LP Pair
Farm
MARCO Rewards
FEATURED FARM
MARCO / WETH
0.04%
TVL $760.09
Earn MARCO
Stake
Farm Contract ↗
LP Contract ↗
Farms overview
Farms overview metrics ready.
TOTAL FARM TVL
$760.6
LP farming only
ACTIVE FARMS
4
Currently farmable LP farms
ACTIVE FARMERS
4
Unique wallets with active LP farm positions on this network
24H REWARDS
<$0.01
0.0072 MARCO emitted / 24h · MasterChef dexTokenPerBlock
TOP SUST. APR
278.74%
RKIT / WETH
MY CLAIMABLE
$0.63
1 farm · 1.91 MARCO
My Farms
1
1 farm position
MARCO / WETH LP

Earn MARCO

Active
Deposited Value
$759.83
LP tokens: 14.85 MARCO/WETH LP
Pending rewards
1.91 MARCO
APR
0.04%
Multiplier
20x

This farm is on Ethereum. · Active farming · pid 1

View LP ↗
Harvest
Stake More
Withdraw
Explore Farms
4 farms · Ethereum
Partial
Filters ▾
Cards
List
Chain: Ethereum ×
MARCO / WETH LP

Earn MARCO

Active
MARCO and WETH LP earning MARCO
Sustainable APR
0.04%
TVL
$760.09
Multiplier
20x
Participants
2
Duration
Ongoing
Rewards / day
0.00260 MARCO

Wallet LP: 0.15 LP · Approved

Stake
View Farm
View LP
USDC / WETH LP

Earn MARCO

Active
USDC and WETH LP earning MARCO
Sustainable APR
61.70%
TVL
$0.51
Multiplier
20x
Participants
2
Duration
Ongoing
Rewards / day
0.00260 MARCO

Wallet LP: 5.00e-11 LP · Approval required

Approve LP
View Farm
View LP
RKIT / WETH LP

Earn MARCO

Active
RKIT and WETH LP earning MARCO
Sustainable APR
278.74%
TVL
$0.01
Multiplier
1x
Participants
2
Duration
Ongoing
Rewards / day
0.000130 MARCO

Wallet LP: 52.29 LP · Approved

Stake
View Farm
View LP
LOCO / WETH LP

Earn MARCO

Partial
LOCO and WETH LP earning MARCO
APR
—
TVL
$0.00
Multiplier
0.5x
Participants
0
Duration
Ongoing
Rewards / day
0.0000651 MARCO

Wallet LP: 0 LP · Approved

Stake
View Farm
View LP
4 active farms across LIVE chains

© 2026 Melega Labs. All rights reserved.

Docs
Audit
Support
Home
Swap
Liquidity
Farms
Pools
