{
  "phase": "before",
  "bugCount": 15,
  "highOrCrit": 13,
  "bugs": [
    {
      "id": "portfolio-header",
      "severity": "high",
      "part": "F",
      "detail": "desktop-1440: global header missing/short"
    },
    {
      "id": "portfolio-nav",
      "severity": "high",
      "part": "F",
      "detail": "desktop-1440: navbar links missing"
    },
    {
      "id": "create-pool-double-title",
      "severity": "high",
      "part": "C",
      "detail": "desktop-1440: double title in Create Pool"
    },
    {
      "id": "portfolio-header",
      "severity": "high",
      "part": "F",
      "detail": "laptop-1280: global header missing/short"
    },
    {
      "id": "portfolio-nav",
      "severity": "high",
      "part": "F",
      "detail": "laptop-1280: navbar links missing"
    },
    {
      "id": "create-pool-double-title",
      "severity": "high",
      "part": "C",
      "detail": "laptop-1280: double title in Create Pool"
    },
    {
      "id": "portfolio-header",
      "severity": "high",
      "part": "F",
      "detail": "tablet-1024: global header missing/short"
    },
    {
      "id": "portfolio-nav",
      "severity": "high",
      "part": "F",
      "detail": "tablet-1024: navbar links missing"
    },
    {
      "id": "create-pool-double-title",
      "severity": "high",
      "part": "C",
      "detail": "tablet-1024: double title in Create Pool"
    },
    {
      "id": "portfolio-header",
      "severity": "high",
      "part": "F",
      "detail": "mobile-390: global header missing/short"
    },
    {
      "id": "portfolio-nav",
      "severity": "high",
      "part": "F",
      "detail": "mobile-390: navbar links missing"
    },
    {
      "id": "create-pool-double-title",
      "severity": "high",
      "part": "C",
      "detail": "mobile-390: double title in Create Pool"
    },
    {
      "id": "network-modal-closed",
      "severity": "med",
      "part": "G",
      "detail": "mobile-390: Network switch modal did not open"
    },
    {
      "id": "route-missing-/^List$/i",
      "severity": "high",
      "part": "H",
      "detail": "desktop-1440: CTA not found /^List$/i"
    },
    {
      "id": "route-featured-trade-missing",
      "severity": "med",
      "part": "H",
      "detail": "desktop-1440: featured-trade CTA missing"
    }
  ]
}
